2026-09-29 12:54:10.454   Log opened. (Time zone: UTC+00:00)
2026-09-29 12:54:10.454   Setup version: Inno Setup version 6.7.1
2026-09-29 12:54:10.454   Original Setup EXE: D:\a\fluent-mac\fluent-mac\dist\Fluent-Setup-2.2.1.exe
2026-09-29 12:54:10.454   Setup command line: /SL5="$400B6,69575393,913920,D:\a\fluent-mac\fluent-mac\dist\Fluent-Setup-2.2.1.exe" /VERYSILENT /SUPPRESSMSGBOXES /NORESTART /CURRENTUSER /TASKS=desktopicon,startup /LOG=D:\a\fluent-mac\fluent-mac\ci-out\install.log
2026-09-29 12:54:10.454   Windows version: 10.0.26100
2026-09-29 12:54:10.454   Windows architecture: x64 (64-bit)
2026-09-29 12:54:10.454   Machine types supported by system: x86 x64
2026-09-29 12:54:10.454   User privileges: Administrative
2026-09-29 12:54:10.460   Administrative install mode: No
2026-09-29 12:54:10.460   Install mode root key: HKEY_CURRENT_USER
2026-09-29 12:54:10.460   64-bit install mode: Yes
2026-09-29 12:54:10.460   RedirectionGuard status for current process: Enabled in enforcing mode
2026-09-29 12:54:10.463   Created protected temporary directory: C:\Users\RUNNER~1\AppData\Local\Temp\is-HMY9SAXUMX.tmp
2026-09-29 12:54:11.028   Found 1 files to register with RestartManager.
2026-09-29 12:54:11.028   Calling RestartManager's RmGetList.
2026-09-29 12:54:11.032   RmGetList finished successfully.
2026-09-29 12:54:11.032   RestartManager found no applications using one of our files.
2026-09-29 12:54:11.046   Starting the installation process.
2026-09-29 12:54:11.048   Creating directory: C:\Users\runneradmin\AppData\Local\Programs
2026-09-29 12:54:11.048   Creating directory: C:\Users\runneradmin\AppData\Local\Programs\Fluent
2026-09-29 12:54:11.048   Directory for uninstall files: C:\Users\runneradmin\AppData\Local\Programs\Fluent
2026-09-29 12:54:11.049   Creating new uninstall log: C:\Users\runneradmin\AppData\Local\Programs\Fluent\unins000.dat
2026-09-29 12:54:11.124   -- File entry --
2026-09-29 12:54:11.124   Dest filename: C:\Users\runneradmin\AppData\Local\Programs\Fluent\unins000.exe
2026-09-29 12:54:11.124   Non-default bitness: 32-bit
2026-09-29 12:54:11.206   Time stamp of our file: 2026-09-29 12:54:10.138
2026-09-29 12:54:11.206   Installing the file.
2026-09-29 12:54:11.220   Successfully installed the file.
2026-09-29 12:54:11.220   -- File entry --
2026-09-29 12:54:11.220   Dest filename: C:\Users\runneradmin\AppData\Local\Programs\Fluent\Fluent.exe
2026-09-29 12:54:11.221   Time stamp of our file: 2026-09-29 12:53:24.000
2026-09-29 12:54:11.221   Installing the file.
2026-09-29 12:54:13.116   Successfully installed the file.
2026-09-29 12:54:13.116   -- Icon entry --
2026-09-29 12:54:13.116   Dest filename: C:\Users\runneradmin\AppData\Roaming\Microsoft\Windows\Start Menu\Programs\Fluent.lnk
2026-09-29 12:54:13.116   Creating the icon.
2026-09-29 12:54:13.615   Successfully created the icon.
2026-09-29 12:54:13.618   -- Icon entry --
2026-09-29 12:54:13.618   Dest filename: C:\Users\runneradmin\Desktop\Fluent.lnk
2026-09-29 12:54:13.618   Creating the icon.
2026-09-29 12:54:13.628   Successfully created the icon.
2026-09-29 12:54:13.636   -- Registry entry --
2026-09-29 12:54:13.636   Key: HKEY_CURRENT_USER\Software\Microsoft\Windows\CurrentVersion\Run
2026-09-29 12:54:13.636   Value name: Fluent
2026-09-29 12:54:13.636   Creating or opening the key.
2026-09-29 12:54:13.636   Creating or setting the value.
2026-09-29 12:54:13.636   Successfully created or set the value.
2026-09-29 12:54:13.636   Saving uninstall information.
2026-09-29 12:54:13.636   Creating new uninstall key: HKEY_CURRENT_USER\Software\Microsoft\Windows\CurrentVersion\Uninstall\{7C2A5E1D-4F7B-4B8E-9E0A-F1C3D2B6A901}_is1
2026-09-29 12:54:13.636   Writing uninstall key values.
2026-09-29 12:54:13.638   Detected previous administrative 64-bit install? No
2026-09-29 12:54:13.638   Detected previous administrative 32-bit install? No
2026-09-29 12:54:13.646   Installation process succeeded.
2026-09-29 12:54:13.646   Need to restart Windows? No
2026-09-29 12:54:13.648   Deinitializing Setup.
2026-09-29 12:54:13.654   Log closed.
